C:\Users\sennm\Downloads\FlowMeterTestRigBR\FLowMeterTestRig\Logical\Global.typ
C:\Users\sennm\Downloads\FlowMeterTestRigBR\FLowMeterTestRig\Logical\Global.var
C:\Users\sennm\Downloads\FlowMeterTestRigBR\FLowMeterTestRig\Logical\Libraries\operator\operator.fun
C:\Users\sennm\Downloads\FlowMeterTestRigBR\FLowMeterTestRig\Logical\Libraries\operator\operator.typ
C:\Users\sennm\Downloads\FlowMeterTestRigBR\FLowMeterTestRig\Logical\Libraries\operator\operator.var
C:\Users\sennm\Downloads\FlowMeterTestRigBR\FLowMeterTestRig\Logical\Libraries\runtime\runtime.fun
C:\Users\sennm\Downloads\FlowMeterTestRigBR\FLowMeterTestRig\Logical\Libraries\runtime\runtime.typ
C:\Users\sennm\Downloads\FlowMeterTestRigBR\FLowMeterTestRig\Logical\Libraries\runtime\runtime.var
C:\Users\sennm\Downloads\FlowMeterTestRigBR\FLowMeterTestRig\Logical\Libraries\astime\astime.fun
C:\Users\sennm\Downloads\FlowMeterTestRigBR\FLowMeterTestRig\Logical\Libraries\astime\astime.typ
C:\Users\sennm\Downloads\FlowMeterTestRigBR\FLowMeterTestRig\Logical\Libraries\astime\astime.var
C:\Users\sennm\Downloads\FlowMeterTestRigBR\FLowMeterTestRig\Logical\Libraries\AsIecCon\AsIecCon.fun
C:\Users\sennm\Downloads\FlowMeterTestRigBR\FLowMeterTestRig\Logical\Libraries\AsIecCon\AsIecCon.typ
C:\Users\sennm\Downloads\FlowMeterTestRigBR\FLowMeterTestRig\Logical\Libraries\AsIecCon\AsIecCon.var
C:\Users\sennm\Downloads\FlowMeterTestRigBR\FLowMeterTestRig\Logical\Libraries\standard\standard.fun
C:\Users\sennm\Downloads\FlowMeterTestRigBR\FLowMeterTestRig\Logical\Libraries\standard\standard.typ
C:\Users\sennm\Downloads\FlowMeterTestRigBR\FLowMeterTestRig\Logical\Libraries\standard\standard.var
C:\Users\sennm\Downloads\FlowMeterTestRigBR\FLowMeterTestRig\Logical\Libraries\DRV_mbus\DRV_mbus.fun
C:\Users\sennm\Downloads\FlowMeterTestRigBR\FLowMeterTestRig\Logical\Libraries\DRV_mbus\DRV_mbus.typ
C:\Users\sennm\Downloads\FlowMeterTestRigBR\FLowMeterTestRig\Logical\Libraries\DRV_mbus\DRV_mbus.var
C:\Users\sennm\Downloads\FlowMeterTestRigBR\FLowMeterTestRig\Logical\Libraries\dvframe\dvframe.fun
C:\Users\sennm\Downloads\FlowMeterTestRigBR\FLowMeterTestRig\Logical\Libraries\dvframe\dvframe.typ
C:\Users\sennm\Downloads\FlowMeterTestRigBR\FLowMeterTestRig\Logical\Libraries\dvframe\dvframe.var
C:\Users\sennm\Downloads\FlowMeterTestRigBR\FLowMeterTestRig\Logical\Libraries\DataObj\DataObj.fun
C:\Users\sennm\Downloads\FlowMeterTestRigBR\FLowMeterTestRig\Logical\Libraries\DataObj\DataObj.typ
C:\Users\sennm\Downloads\FlowMeterTestRigBR\FLowMeterTestRig\Logical\Libraries\DataObj\DataObj.var
C:\Users\sennm\Downloads\FlowMeterTestRigBR\FLowMeterTestRig\Logical\Libraries\MTBasics\MTBasics.fun
C:\Users\sennm\Downloads\FlowMeterTestRigBR\FLowMeterTestRig\Logical\Libraries\MTBasics\MTBasics.typ
C:\Users\sennm\Downloads\FlowMeterTestRigBR\FLowMeterTestRig\Logical\Libraries\MTBasics\MTBasics.var
C:\Users\sennm\Downloads\FlowMeterTestRigBR\FLowMeterTestRig\Logical\Libraries\brsystem\brsystem.fun
C:\Users\sennm\Downloads\FlowMeterTestRigBR\FLowMeterTestRig\Logical\Libraries\brsystem\brsystem.typ
C:\Users\sennm\Downloads\FlowMeterTestRigBR\FLowMeterTestRig\Logical\Libraries\brsystem\brsystem.var
C:\Users\sennm\Downloads\FlowMeterTestRigBR\FLowMeterTestRig\Logical\Libraries\MTTypes\MTTypes.fun
C:\Users\sennm\Downloads\FlowMeterTestRigBR\FLowMeterTestRig\Logical\Libraries\MTTypes\MTTypes.typ
C:\Users\sennm\Downloads\FlowMeterTestRigBR\FLowMeterTestRig\Logical\Libraries\MTTypes\MTTypes.var
C:\Users\sennm\Downloads\FlowMeterTestRigBR\FLowMeterTestRig\Logical\Libraries\sys_lib\sys_lib.fun
C:\Users\sennm\Downloads\FlowMeterTestRigBR\FLowMeterTestRig\Logical\Libraries\sys_lib\sys_lib.typ
C:\Users\sennm\Downloads\FlowMeterTestRigBR\FLowMeterTestRig\Logical\Libraries\sys_lib\sys_lib.var
C:\Users\sennm\Downloads\FlowMeterTestRigBR\FLowMeterTestRig\Logical\Libraries\LoopConR\LoopConR.var
C:\Users\sennm\Downloads\FlowMeterTestRigBR\FLowMeterTestRig\Logical\Libraries\LoopConR\LoopConR.typ
C:\Users\sennm\Downloads\FlowMeterTestRigBR\FLowMeterTestRig\Logical\Libraries\LoopConR\LoopConR.fun
C:\Users\sennm\Downloads\FlowMeterTestRigBR\FLowMeterTestRig\Logical\Libraries\asstring\asstring.fun
C:\Users\sennm\Downloads\FlowMeterTestRigBR\FLowMeterTestRig\Logical\Libraries\asstring\asstring.typ
C:\Users\sennm\Downloads\FlowMeterTestRigBR\FLowMeterTestRig\Logical\Libraries\asstring\asstring.var
C:\Users\sennm\Downloads\FlowMeterTestRigBR\FLowMeterTestRig\Logical\Libraries\FileIO\FileIO.fun
C:\Users\sennm\Downloads\FlowMeterTestRigBR\FLowMeterTestRig\Logical\Libraries\FileIO\FileIO.typ
C:\Users\sennm\Downloads\FlowMeterTestRigBR\FLowMeterTestRig\Logical\Libraries\FileIO\FileIO.var
C:\Users\sennm\Downloads\FlowMeterTestRigBR\FLowMeterTestRig\Logical\Libraries\AsBrStr\AsBrStr.fun
C:\Users\sennm\Downloads\FlowMeterTestRigBR\FLowMeterTestRig\Logical\Libraries\AsBrStr\AsBrStr.typ
C:\Users\sennm\Downloads\FlowMeterTestRigBR\FLowMeterTestRig\Logical\Libraries\AsBrStr\AsBrStr.var
C:\Users\sennm\Downloads\FlowMeterTestRigBR\FLowMeterTestRig\Logical\Libraries\AsUSB\AsUSB.fun
C:\Users\sennm\Downloads\FlowMeterTestRigBR\FLowMeterTestRig\Logical\Libraries\AsUSB\AsUSB.typ
C:\Users\sennm\Downloads\FlowMeterTestRigBR\FLowMeterTestRig\Logical\Libraries\AsUSB\AsUSB.var
C:\Users\sennm\Downloads\FlowMeterTestRigBR\FLowMeterTestRig\Temp\Objects\PPC2200\5PPC2200_AL18_000\FileHandle\FileHandleGlobal.var
C:\Users\sennm\Downloads\FlowMeterTestRigBR\FLowMeterTestRig\Temp\Objects\PPC2200\5PPC2200_AL18_000\FileHandle\FileHandleGlobal.typ
C:\Users\sennm\Downloads\FlowMeterTestRigBR\FLowMeterTestRig\Temp\Objects\PPC2200\5PPC2200_AL18_000\FlowMeter\FlowMeterGlobal.var
C:\Users\sennm\Downloads\FlowMeterTestRigBR\FLowMeterTestRig\Temp\Objects\PPC2200\5PPC2200_AL18_000\FlowMeter\FlowMeterGlobal.typ
